// Jest Snapshot v1, https://goo.gl/fbAQLP

exports[`error component renders correctly 1`] = `
<div
  className="code-snippet"
>
  Error traceback
</div>
`;
